// Jest Snapshot v1, https://goo.gl/fbAQLP

exports[`New Quiz component renders the new quiz form properly 1`] = `
<div>
  <form
    class="question"
  >
    <p>
      <label>
        Quiz Title
        <input
          type="text"
          value=""
        />
      </label>
    </p>
    <p>
      <label>
        Quiz Prompt
        <input
          type="text"
          value=""
        />
         
      </label>
    </p>
    <button>
      Add Question
    </button>
    <div
      data-testid="question1"
    >
      <h3>
        Question 
        1
      </h3>
      <button
        data-testid="remove-question"
        disabled=""
      >
        X
      </button>
      <button
        data-testid="add-clue"
      >
        Add Clue
      </button>
      <ol>
        <li>
          <input
            data-index="0"
            data-testid="clue1"
            type="text"
            value=""
          />
          <button
            data-testid="remove-clue"
          >
            X
          </button>
        </li>
        <li>
          <input
            data-index="1"
            data-testid="clue2"
            type="text"
            value=""
          />
          <button
            data-testid="remove-clue"
          >
            X
          </button>
        </li>
        <li>
          <input
            data-index="2"
            data-testid="clue3"
            type="text"
            value=""
          />
          <button
            data-testid="remove-clue"
          >
            X
          </button>
        </li>
        <li>
          <input
            data-index="3"
            data-testid="clue4"
            type="text"
            value=""
          />
          <button
            data-testid="remove-clue"
          >
            X
          </button>
        </li>
      </ol>
      <label>
        Answer 
        <input
          type="text"
          value=""
        />
      </label>
    </div>
    <button>
      Submit New Quiz
    </button>
  </form>
</div>
`;
